../Core/Src/inv_kine.cpp:20:6:void Node_Init()	8	static
../Core/Src/inv_kine.cpp:47:6:void Rodrigues(const float*, float, float (*)[3])	144	static
../Core/Src/inv_kine.cpp:69:6:void ForwardKinematics(int)	72	static
../Core/Src/inv_kine.cpp:89:6:void CalcJacobianMatrix(const int*, int, float (*)[13])	88	static
../Core/Src/inv_kine.cpp:108:6:void RPY2Rot(float, float, float, float (*)[3])	48	static
../Core/Src/inv_kine.cpp:123:6:void Rot2RPY(const float (*)[3], float*)	24	static
../Core/Src/inv_kine.cpp:137:6:void FindRouteTo(int, int*, int*)	32	static
../Core/Src/inv_kine.cpp:145:13:void rot2omega(const float (*)[3], float*)	48	static
../Core/Src/inv_kine.cpp:157:13:void CalcVWerr(const float*, const float (*)[3], const float*, const float (*)[3], float*)	96	static
../Core/Src/inv_kine.cpp:168:6:void CalcqPenalty(const int*, int, float*)	40	static
../Core/Src/inv_kine.cpp:176:6:void CalcPenaltyMatrix(const int*, int, float (*)[13])	32	static
../Core/Src/inv_kine.cpp:190:6:void GaussElimination(float (*)[13], float*, int)	72	static
../Core/Src/inv_kine.cpp:220:7:float InverseKinematics_LMP(int, const float*, const float (*)[3], int*, int*)	3440	static
